D:\RA512014\LPRS2\battle_city_fpga\battle_city_design\implementation\battle_city.ngc 1494405616
D:/RA512014/LPRS2/battle_city_fpga/battle_city_design/implementation/battle_city_io_periph_wrapper.ngc 1494405588
D:/RA512014/LPRS2/battle_city_fpga/battle_city_design/implementation/battle_city_proc_sys_reset_0_wrapper.ngc 1494405502
D:/RA512014/LPRS2/battle_city_fpga/battle_city_design/implementation/battle_city_clock_generator_0_wrapper.ngc 1494405599
D:/RA512014/LPRS2/battle_city_fpga/battle_city_design/implementation/battle_city_battle_city_periph_0_wrapper.ngc 1494405581
D:/RA512014/LPRS2/battle_city_fpga/battle_city_design/implementation/battle_city_microblaze_0_ilmb_wrapper.ngc 1494405591
D:/RA512014/LPRS2/battle_city_fpga/battle_city_design/implementation/battle_city_microblaze_0_dlmb_wrapper.ngc 1494405594
D:/RA512014/LPRS2/battle_city_fpga/battle_city_design/implementation/battle_city_axi4lite_0_wrapper.ngc 1494405602
D:/RA512014/LPRS2/battle_city_fpga/battle_city_design/implementation/battle_city_microblaze_0_wrapper.ngc 1494405596
D:/RA512014/LPRS2/battle_city_fpga/battle_city_design/implementation/battle_city_microblaze_0_i_bram_ctrl_wrapper.ngc 1494405511
D:/RA512014/LPRS2/battle_city_fpga/battle_city_design/implementation/battle_city_microblaze_0_d_bram_ctrl_wrapper.ngc 1494405520
D:/RA512014/LPRS2/battle_city_fpga/battle_city_design/implementation/battle_city_debug_module_wrapper.ngc 1494405557
D:/RA512014/LPRS2/battle_city_fpga/battle_city_design/implementation/battle_city_microblaze_0_bram_block_wrapper.ngc 1494405526
OK
