D:\projekat_lprs_tenkici\battle_city_fpga\battle_city_design\implementation\battle_city.ngc 1495783826
D:/projekat_lprs_tenkici/battle_city_fpga/battle_city_design/implementation/battle_city_io_periph_wrapper.ngc 1495783795
D:/projekat_lprs_tenkici/battle_city_fpga/battle_city_design/implementation/battle_city_proc_sys_reset_0_wrapper.ngc 1495783701
D:/projekat_lprs_tenkici/battle_city_fpga/battle_city_design/implementation/battle_city_clock_generator_0_wrapper.ngc 1495783809
D:/projekat_lprs_tenkici/battle_city_fpga/battle_city_design/implementation/battle_city_battle_city_periph_0_wrapper.ngc 1495783788
D:/projekat_lprs_tenkici/battle_city_fpga/battle_city_design/implementation/battle_city_microblaze_0_ilmb_wrapper.ngc 1495783801
D:/projekat_lprs_tenkici/battle_city_fpga/battle_city_design/implementation/battle_city_microblaze_0_dlmb_wrapper.ngc 1495783804
D:/projekat_lprs_tenkici/battle_city_fpga/battle_city_design/implementation/battle_city_axi4lite_0_wrapper.ngc 1495783812
D:/projekat_lprs_tenkici/battle_city_fpga/battle_city_design/implementation/battle_city_microblaze_0_wrapper.ngc 1495783807
D:/projekat_lprs_tenkici/battle_city_fpga/battle_city_design/implementation/battle_city_microblaze_0_i_bram_ctrl_wrapper.ngc 1495783711
D:/projekat_lprs_tenkici/battle_city_fpga/battle_city_design/implementation/battle_city_microblaze_0_d_bram_ctrl_wrapper.ngc 1495783719
D:/projekat_lprs_tenkici/battle_city_fpga/battle_city_design/implementation/battle_city_debug_module_wrapper.ngc 1495783760
D:/projekat_lprs_tenkici/battle_city_fpga/battle_city_design/implementation/battle_city_microblaze_0_bram_block_wrapper.ngc 1495783726
OK
