D:\RA179-2016\Tenkici_ima_da_lete_2.0-master\Tenkici_ima_da_lete_2.0-master\battle_city_design\implementation\battle_city.ngc 1557387323
D:/RA179-2016/Tenkici_ima_da_lete_2.0-master/Tenkici_ima_da_lete_2.0-master/battle_city_design/implementation/battle_city_io_periph_wrapper.ngc 1557387294
D:/RA179-2016/Tenkici_ima_da_lete_2.0-master/Tenkici_ima_da_lete_2.0-master/battle_city_design/implementation/battle_city_proc_sys_reset_0_wrapper.ngc 1557387196
D:/RA179-2016/Tenkici_ima_da_lete_2.0-master/Tenkici_ima_da_lete_2.0-master/battle_city_design/implementation/battle_city_clock_generator_0_wrapper.ngc 1557387307
D:/RA179-2016/Tenkici_ima_da_lete_2.0-master/Tenkici_ima_da_lete_2.0-master/battle_city_design/implementation/battle_city_battle_city_periph_0_wrapper.ngc 1557387287
D:/RA179-2016/Tenkici_ima_da_lete_2.0-master/Tenkici_ima_da_lete_2.0-master/battle_city_design/implementation/battle_city_microblaze_0_ilmb_wrapper.ngc 1557387298
D:/RA179-2016/Tenkici_ima_da_lete_2.0-master/Tenkici_ima_da_lete_2.0-master/battle_city_design/implementation/battle_city_microblaze_0_dlmb_wrapper.ngc 1557387301
D:/RA179-2016/Tenkici_ima_da_lete_2.0-master/Tenkici_ima_da_lete_2.0-master/battle_city_design/implementation/battle_city_axi4lite_0_wrapper.ngc 1557387309
D:/RA179-2016/Tenkici_ima_da_lete_2.0-master/Tenkici_ima_da_lete_2.0-master/battle_city_design/implementation/battle_city_microblaze_0_wrapper.ngc 1557387304
D:/RA179-2016/Tenkici_ima_da_lete_2.0-master/Tenkici_ima_da_lete_2.0-master/battle_city_design/implementation/battle_city_microblaze_0_i_bram_ctrl_wrapper.ngc 1557387208
D:/RA179-2016/Tenkici_ima_da_lete_2.0-master/Tenkici_ima_da_lete_2.0-master/battle_city_design/implementation/battle_city_microblaze_0_d_bram_ctrl_wrapper.ngc 1557387217
D:/RA179-2016/Tenkici_ima_da_lete_2.0-master/Tenkici_ima_da_lete_2.0-master/battle_city_design/implementation/battle_city_debug_module_wrapper.ngc 1557387258
D:/RA179-2016/Tenkici_ima_da_lete_2.0-master/Tenkici_ima_da_lete_2.0-master/battle_city_design/implementation/battle_city_microblaze_0_bram_block_wrapper.ngc 1557387224
OK
